  [알바몬] robots: AI 크롤러 UA 는 Disallow: / 이나 Allow: /jobs 명시 → /jobs 계열만 사용
  [알바몬] 담당자 전화번호(managerPhoneNumber)는 개인정보라 수집 제외
  [알바몬] Next.js 데이터 라우트 사용 (buildId=i5N6tbzyPKqs-G_-i6Gm6, size=100) — HTML 대비 74배 경량
    page 1: 누적 100 / 전체 268,823
    page 20: 누적 2,000 / 전체 268,823
    page 40: 누적 4,000 / 전체 268,823
    page 60: 누적 6,000 / 전체 268,823
    page 80: 누적 8,000 / 전체 268,823
    page 100: 누적 10,000 / 전체 268,823
    page 120: 누적 12,000 / 전체 268,823
    page 140: 누적 14,000 / 전체 268,823
    page 160: 누적 16,000 / 전체 268,823
    page 180: 누적 18,000 / 전체 268,823
  [알바몬] -> 알바몬.csv (19900건)
    page 200: 누적 20,000 / 전체 268,823
    page 220: 누적 22,000 / 전체 268,823
    page 240: 누적 24,000 / 전체 268,823
    page 260: 누적 26,000 / 전체 268,823
    page 280: 누적 28,000 / 전체 268,823
    page 300: 누적 30,000 / 전체 268,823
